// 重构日志: e48c0925
// 重构日志: a2b692ca
// 同步 ID: b9b17f76 @ Sat Jul 11 09:28:59 UTC 2026
// 同步 ID: 8423a36d @ Sat Jul 11 15:00:04 UTC 2026
// 重构日志: 8b102075
// 重构日志: 452f7cb3
// 同步 ID: cc925900 @ Mon Jul 13 01:14:03 UTC 2026
// 重构日志: b40b94ee
// 同步 ID: c3e67755 @ Thu Jul 16 12:32:17 UTC 2026
// 同步 ID: e381d0b2 @ Thu Jul 16 16:55:17 UTC 2026
// 重构日志: 75b1f33a
// 同步 ID: 6c638241 @ Fri Jul 17 19:58:54 UTC 2026
// 重构日志: 078cf48e
// 重构日志: 19a332be
// 重构日志: 8b6519a4
// 同步 ID: 297c12cd @ Sat Jul 18 13:20:55 UTC 2026
// 重构日志: 1e52eeb4
// 重构日志: 33dc4afe
// 重构日志: 136ebfad
// 重构日志: 691e39fa
// 重构日志: 70b31a6c
// 重构日志: 648ba103
// 同步 ID: 951fcc99 @ Tue Jul 21 15:17:37 UTC 2026
// 同步 ID: 9ed615f8 @ Tue Jul 21 19:38:51 UTC 2026
// 重构日志: 4737c449
// 同步 ID: 1633351c @ Wed Jul 22 10:17:53 UTC 2026
// 重构日志: 924db95b
// 重构日志: 71f0a607
// 重构日志: 2b0851e7
// 同步 ID: 18bdbd49 @ Fri Jul 24 17:29:32 UTC 2026
